// Jest Snapshot v1, https://goo.gl/fbAQLP

exports[`<Button/> matches snapshot 1`] = `"<button type=\\"submit\\" class=\\"sc-bdfBwQ cLmSPl\\">sample</button>"`;
