// Jest Snapshot v1, https://goo.gl/fbAQLP

exports[`<Navigation/> matches snapshot 1`] = `"<div class=\\"sc-bdfBwQ hrWjWM\\"><div class=\\"sc-gsTCUz dACEbQ\\"><a class=\\"sc-dlfnbm ldAUts\\" href=\\"#/\\">Home</a><a class=\\"sc-dlfnbm ldAUts\\" href=\\"#/about\\">about</a></div></div>"`;
